Component: ARM Compiler 5.06 update 1 (build 61) Tool: armlink [4d35a8]

==============================================================================

Section Cross References

    boot_vectors.o(RESET) refers to boot_vectors.o(STACK) for __initial_sp
    boot_vectors.o(RESET) refers to boot_vectors.o(.text) for Reset_Handler
    boot_vectors.o(RESET) refers to per_ex_hard_fault.o(.text) for HardFault_Handler
    boot_vectors.o(RESET) refers to uart2.o(.text) for UART2_Handler
    boot_vectors.o(RESET) refers to gpio.o(.text) for GPIO0_Handler
    boot_vectors.o(.text) refers to system_armcm0.o(.text) for SystemInit
    boot_vectors.o(.text) refers to entry.o(.ARM.Collect$$$$00000000) for __main
    gpio.o(.text) refers to gpio.o(.bss) for GPIOHandlerFunction
    uart2.o(.text) refers to uart2.o(retention_mem_area0) for uart2_env
    common_uart.o(.text) refers to uart2.o(.text) for uart2_write
    common_uart.o(.text) refers to strlen.o(.text) for strlen
    common_uart.o(.text) refers to idiv.o(.text) for __aeabi_idivmod
    main.o(.text) refers to common_uart.o(.text) for printf_string
    main.o(.text) refers to gpio.o(.text) for GPIO_SetActive
    main.o(.text) refers to user_periph_setup.o(.text) for periph_init
    user_periph_setup.o(.text) refers to gpio.o(.text) for GPIO_ConfigurePin
    user_periph_setup.o(.text) refers to uart2.o(.text) for uart2_init
    entry.o(.ARM.Collect$$$$00000000) refers (Special) to entry10a.o(.ARM.Collect$$$$0000000D) for __rt_final_cpp
    entry.o(.ARM.Collect$$$$00000000) refers (Special) to entry11a.o(.ARM.Collect$$$$0000000F) for __rt_final_exit
    entry.o(.ARM.Collect$$$$00000000) refers (Special) to entry7b.o(.ARM.Collect$$$$00000008) for _main_clock
    entry.o(.ARM.Collect$$$$00000000) refers (Special) to entry8b.o(.ARM.Collect$$$$0000000A) for _main_cpp_init
    entry.o(.ARM.Collect$$$$00000000) refers (Special) to entry9a.o(.ARM.Collect$$$$0000000B) for _main_init
    entry.o(.ARM.Collect$$$$00000000) refers (Special) to entry5.o(.ARM.Collect$$$$00000004) for _main_scatterload
    entry.o(.ARM.Collect$$$$00000000) refers (Special) to entry2.o(.ARM.Collect$$$$00000001) for _main_stk
    idiv.o(.text) refers to uidiv.o(.text) for __aeabi_uidivmod
    entry2.o(.ARM.Collect$$$$00000001) refers to entry2.o(.ARM.Collect$$$$00002712) for __lit__00000000
    entry2.o(.ARM.Collect$$$$00002712) refers to boot_vectors.o(STACK) for __initial_sp
    entry2.o(__vectab_stack_and_reset_area) refers to boot_vectors.o(STACK) for __initial_sp
    entry2.o(__vectab_stack_and_reset_area) refers to entry.o(.ARM.Collect$$$$00000000) for __main
    entry5.o(.ARM.Collect$$$$00000004) refers to init.o(.text) for __scatterload
    entry9a.o(.ARM.Collect$$$$0000000B) refers to main.o(.text) for main
    entry9b.o(.ARM.Collect$$$$0000000C) refers to main.o(.text) for main
    init.o(.text) refers to entry5.o(.ARM.Collect$$$$00000004) for __main_after_scatterload


==============================================================================

Removing Unused input sections from the image.

    Removing boot_vectors.o(HEAP), (256 bytes).
    Removing system_armcm0.o(.rev16_text), (4 bytes).
    Removing system_armcm0.o(.revsh_text), (4 bytes).
    Removing gpio.o(.rev16_text), (4 bytes).
    Removing gpio.o(.revsh_text), (4 bytes).
    Removing uart2.o(.rev16_text), (4 bytes).
    Removing uart2.o(.revsh_text), (4 bytes).
    Removing common_uart.o(.rev16_text), (4 bytes).
    Removing common_uart.o(.revsh_text), (4 bytes).
    Removing main.o(.rev16_text), (4 bytes).
    Removing main.o(.revsh_text), (4 bytes).
    Removing user_periph_setup.o(.rev16_text), (4 bytes).
    Removing user_periph_setup.o(.revsh_text), (4 bytes).

13 unused section(s) (total 304 bytes) removed from the image.

==============================================================================

Image Symbol Table

    Local Symbols

    Symbol Name                              Value     Ov Type        Size  Object(Section)

    ../clib/microlib/division.c              0x00000000   Number         0  uidiv.o ABSOLUTE
    ../clib/microlib/division.c              0x00000000   Number         0  idiv.o ABSOLUTE
    ../clib/microlib/init/entry.s            0x00000000   Number         0  entry11a.o ABSOLUTE
    ../clib/microlib/init/entry.s            0x00000000   Number         0  entry10b.o ABSOLUTE
    ../clib/microlib/init/entry.s            0x00000000   Number         0  entry10a.o ABSOLUTE
    ../clib/microlib/init/entry.s            0x00000000   Number         0  entry9b.o ABSOLUTE
    ../clib/microlib/init/entry.s            0x00000000   Number         0  entry9a.o ABSOLUTE
    ../clib/microlib/init/entry.s            0x00000000   Number         0  entry8b.o ABSOLUTE
    ../clib/microlib/init/entry.s            0x00000000   Number         0  entry11b.o ABSOLUTE
    ../clib/microlib/init/entry.s            0x00000000   Number         0  entry8a.o ABSOLUTE
    ../clib/microlib/init/entry.s            0x00000000   Number         0  entry7b.o ABSOLUTE
    ../clib/microlib/init/entry.s            0x00000000   Number         0  entry7a.o ABSOLUTE
    ../clib/microlib/init/entry.s            0x00000000   Number         0  entry5.o ABSOLUTE
    ../clib/microlib/init/entry.s            0x00000000   Number         0  entry2.o ABSOLUTE
    ../clib/microlib/init/entry.s            0x00000000   Number         0  entry.o ABSOLUTE
    ../clib/microlib/string/strlen.c         0x00000000   Number         0  strlen.o ABSOLUTE
    ..\..\..\..\..\sdk\platform\driver\gpio\gpio.c 0x00000000   Number         0  gpio.o ABSOLUTE
    ..\..\..\..\..\sdk\platform\driver\uart\uart2.c 0x00000000   Number         0  uart2.o ABSOLUTE
    ..\..\shared\common_uart\common_uart.c   0x00000000   Number         0  common_uart.o ABSOLUTE
    ..\..\shared\startup\boot_vectors.s      0x00000000   Number         0  boot_vectors.o ABSOLUTE
    ..\..\shared\startup\per_ex_hard_fault.c 0x00000000   Number         0  per_ex_hard_fault.o ABSOLUTE
    ..\..\shared\startup\system_ARMCM0.c     0x00000000   Number         0  system_armcm0.o ABSOLUTE
    ..\\..\\..\\..\\..\\sdk\\platform\\driver\\gpio\\gpio.c 0x00000000   Number         0  gpio.o ABSOLUTE
    ..\\..\\..\\..\\..\\sdk\\platform\\driver\\uart\\uart2.c 0x00000000   Number         0  uart2.o ABSOLUTE
    ..\\..\\shared\\common_uart\\common_uart.c 0x00000000   Number         0  common_uart.o ABSOLUTE
    ..\\..\\shared\\startup\\system_ARMCM0.c 0x00000000   Number         0  system_armcm0.o ABSOLUTE
    ..\\src\\main.c                          0x00000000   Number         0  main.o ABSOLUTE
    ..\\src\\user_periph_setup.c             0x00000000   Number         0  user_periph_setup.o ABSOLUTE
    ..\src\main.c                            0x00000000   Number         0  main.o ABSOLUTE
    ..\src\user_periph_setup.c               0x00000000   Number         0  user_periph_setup.o ABSOLUTE
    dc.s                                     0x00000000   Number         0  dc.o ABSOLUTE
    handlers.s                               0x00000000   Number         0  handlers.o ABSOLUTE
    init.s                                   0x00000000   Number         0  init.o ABSOLUTE
    RESET                                    0x20000000   Section      160  boot_vectors.o(RESET)
    .ARM.Collect$$$$00000000                 0x200000a0   Section        0  entry.o(.ARM.Collect$$$$00000000)
    .ARM.Collect$$$$00000001                 0x200000a0   Section        4  entry2.o(.ARM.Collect$$$$00000001)
    .ARM.Collect$$$$00000004                 0x200000a4   Section        4  entry5.o(.ARM.Collect$$$$00000004)
    .ARM.Collect$$$$00000008                 0x200000a8   Section        0  entry7b.o(.ARM.Collect$$$$00000008)
    .ARM.Collect$$$$0000000A                 0x200000a8   Section        0  entry8b.o(.ARM.Collect$$$$0000000A)
    .ARM.Collect$$$$0000000B                 0x200000a8   Section        8  entry9a.o(.ARM.Collect$$$$0000000B)
    .ARM.Collect$$$$0000000D                 0x200000b0   Section        0  entry10a.o(.ARM.Collect$$$$0000000D)
    .ARM.Collect$$$$0000000F                 0x200000b0   Section        0  entry11a.o(.ARM.Collect$$$$0000000F)
    .ARM.Collect$$$$00002712                 0x200000b0   Section        4  entry2.o(.ARM.Collect$$$$00002712)
    __lit__00000000                          0x200000b0   Data           4  entry2.o(.ARM.Collect$$$$00002712)
    .text                                    0x200000b4   Section       28  boot_vectors.o(.text)
    .text                                    0x200000d0   Section        0  system_armcm0.o(.text)
    .text                                    0x2000012c   Section        0  per_ex_hard_fault.o(.text)
    .text                                    0x20000130   Section        0  gpio.o(.text)
    gpioshift16                              0x20000131   Thumb Code    34  gpio.o(.text)
    NVIC_SetPriority                         0x20000573   Thumb Code   110  gpio.o(.text)
    .text                                    0x200005e8   Section        0  uart2.o(.text)
    uart2_rec_data_avail_isr                 0x200005e9   Thumb Code   106  uart2.o(.text)
    uart2_rec_error_isr                      0x20000653   Thumb Code    46  uart2.o(.text)
    uart2_thr_empty_isr                      0x20000681   Thumb Code   108  uart2.o(.text)
    uart2_is_rx_fifo_empty                   0x200006ed   Thumb Code    22  uart2.o(.text)
    NVIC_SetPriority                         0x200008c5   Thumb Code   114  uart2.o(.text)
    .text                                    0x2000094c   Section        0  common_uart.o(.text)
    .text                                    0x20000a68   Section        0  main.o(.text)
    .text                                    0x20000b64   Section        0  user_periph_setup.o(.text)
    .text                                    0x20000c10   Section        0  idiv.o(.text)
    .text                                    0x20000c38   Section        0  strlen.o(.text)
    .text                                    0x20000c46   Section        0  uidiv.o(.text)
    .text                                    0x20000c74   Section       36  init.o(.text)
    i.__scatterload_copy                     0x20000c98   Section       14  handlers.o(i.__scatterload_copy)
    i.__scatterload_null                     0x20000ca6   Section        2  handlers.o(i.__scatterload_null)
    i.__scatterload_zeroinit                 0x20000ca8   Section       14  handlers.o(i.__scatterload_zeroinit)
    .bss                                     0x20000cc8   Section       20  gpio.o(.bss)
    retention_mem_area0                      0x20000cdc   Section       28  uart2.o(retention_mem_area0)
    uart2_env                                0x20000cdc   Data          28  uart2.o(retention_mem_area0)
    STACK                                    0x20009600   Section      512  boot_vectors.o(STACK)

    Global Symbols

    Symbol Name                              Value     Ov Type        Size  Object(Section)

    BuildAttributes$$THM_ISAv3M$S$PE$A:L22$X:L11$S22$IEEE1$IW$USESV6$~STKCKD$USESV7$~SHL$OSPACE$EBA8$MICROLIB$REQ8$PRES8$EABIv2 0x00000000   Number         0  anon$$obj.o ABSOLUTE
    __ARM_use_no_argv                        0x00000000   Number         0  main.o ABSOLUTE
    __cpp_initialize__aeabi_                  - Undefined Weak Reference
    __cxa_finalize                            - Undefined Weak Reference
    __decompress                              - Undefined Weak Reference
    _clock_init                               - Undefined Weak Reference
    _microlib_exit                            - Undefined Weak Reference
    __Vectors_Size                           0x000000a0   Number         0  boot_vectors.o ABSOLUTE
    __Vectors                                0x20000000   Data           4  boot_vectors.o(RESET)
    __Vectors_End                            0x200000a0   Data           0  boot_vectors.o(RESET)
    __main                                   0x200000a1   Thumb Code     0  entry.o(.ARM.Collect$$$$00000000)
    _main_stk                                0x200000a1   Thumb Code     0  entry2.o(.ARM.Collect$$$$00000001)
    _main_scatterload                        0x200000a5   Thumb Code     0  entry5.o(.ARM.Collect$$$$00000004)
    __main_after_scatterload                 0x200000a9   Thumb Code     0  entry5.o(.ARM.Collect$$$$00000004)
    _main_clock                              0x200000a9   Thumb Code     0  entry7b.o(.ARM.Collect$$$$00000008)
    _main_cpp_init                           0x200000a9   Thumb Code     0  entry8b.o(.ARM.Collect$$$$0000000A)
    _main_init                               0x200000a9   Thumb Code     0  entry9a.o(.ARM.Collect$$$$0000000B)
    __rt_final_cpp                           0x200000b1   Thumb Code     0  entry10a.o(.ARM.Collect$$$$0000000D)
    __rt_final_exit                          0x200000b1   Thumb Code     0  entry11a.o(.ARM.Collect$$$$0000000F)
    Reset_Handler                            0x200000b5   Thumb Code     8  boot_vectors.o(.text)
    NMI_Handler                              0x200000bd   Thumb Code     2  boot_vectors.o(.text)
    SVC_Handler                              0x200000c1   Thumb Code     2  boot_vectors.o(.text)
    PendSV_Handler                           0x200000c3   Thumb Code     2  boot_vectors.o(.text)
    SysTick_Handler                          0x200000c5   Thumb Code     2  boot_vectors.o(.text)
    ADC_Handler                              0x200000c7   Thumb Code     0  boot_vectors.o(.text)
    BLE_CRYPT_Handler                        0x200000c7   Thumb Code     0  boot_vectors.o(.text)
    BLE_CSCNT_Handler                        0x200000c7   Thumb Code     0  boot_vectors.o(.text)
    BLE_ERROR_Handler                        0x200000c7   Thumb Code     0  boot_vectors.o(.text)
    BLE_EVENT_Handler                        0x200000c7   Thumb Code     0  boot_vectors.o(.text)
    BLE_FINETGTIM_Handler                    0x200000c7   Thumb Code     0  boot_vectors.o(.text)
    BLE_GROSSTGTIM_Handler                   0x200000c7   Thumb Code     0  boot_vectors.o(.text)
    BLE_RADIOCNTL_Handler                    0x200000c7   Thumb Code     0  boot_vectors.o(.text)
    BLE_RX_Handler                           0x200000c7   Thumb Code     0  boot_vectors.o(.text)
    BLE_SLP_Handler                          0x200000c7   Thumb Code     0  boot_vectors.o(.text)
    BLE_WAKEUP_LP_Handler                    0x200000c7   Thumb Code     0  boot_vectors.o(.text)
    I2C_Handler                              0x200000c7   Thumb Code     0  boot_vectors.o(.text)
    KEYBRD_Handler                           0x200000c7   Thumb Code     0  boot_vectors.o(.text)
    RFCAL_Handler                            0x200000c7   Thumb Code     0  boot_vectors.o(.text)
    SPI_Handler                              0x200000c7   Thumb Code     0  boot_vectors.o(.text)
    SWTIM_Handler                            0x200000c7   Thumb Code     0  boot_vectors.o(.text)
    UART_Handler                             0x200000c7   Thumb Code     0  boot_vectors.o(.text)
    WKUP_QUADEC_Handler                      0x200000c7   Thumb Code     0  boot_vectors.o(.text)
    SystemInit                               0x200000d1   Thumb Code    82  system_armcm0.o(.text)
    HardFault_Handler                        0x2000012d   Thumb Code     4  per_ex_hard_fault.o(.text)
    GPIO_init                                0x20000153   Thumb Code     2  gpio.o(.text)
    GPIO_SetPinFunction                      0x20000155   Thumb Code    28  gpio.o(.text)
    GPIO_SetInactive                         0x20000171   Thumb Code    24  gpio.o(.text)
    GPIO_SetActive                           0x20000189   Thumb Code    24  gpio.o(.text)
    GPIO_ConfigurePin                        0x200001a1   Thumb Code    46  gpio.o(.text)
    GPIO_ConfigurePinPower                   0x200001cf   Thumb Code    66  gpio.o(.text)
    GPIO_GetPinStatus                        0x20000211   Thumb Code    36  gpio.o(.text)
    GPIO_EnableIRQ                           0x20000235   Thumb Code   250  gpio.o(.text)
    GPIO_GetIRQInputLevel                    0x2000032f   Thumb Code   334  gpio.o(.text)
    GPIO_SetIRQInputLevel                    0x2000047d   Thumb Code    48  gpio.o(.text)
    GPIO_ResetIRQ                            0x200004ad   Thumb Code    46  gpio.o(.text)
    GPIO_RegisterCallback                    0x200004db   Thumb Code    20  gpio.o(.text)
    GPIOn_Handler                            0x200004ef   Thumb Code    58  gpio.o(.text)
    GPIO0_Handler                            0x20000529   Thumb Code    10  gpio.o(.text)
    GPIO1_Handler                            0x20000533   Thumb Code    34  gpio.o(.text)
    GPIO2_Handler                            0x20000555   Thumb Code    10  gpio.o(.text)
    GPIO3_Handler                            0x2000055f   Thumb Code    10  gpio.o(.text)
    GPIO4_Handler                            0x20000569   Thumb Code    10  gpio.o(.text)
    uart2_init                               0x20000703   Thumb Code   132  uart2.o(.text)
    uart2_flow_on                            0x20000787   Thumb Code     8  uart2.o(.text)
    uart2_flow_off                           0x2000078f   Thumb Code    90  uart2.o(.text)
    uart2_finish_transfers                   0x200007e9   Thumb Code    66  uart2.o(.text)
    uart2_read                               0x2000082b   Thumb Code    28  uart2.o(.text)
    uart2_write                              0x20000847   Thumb Code    52  uart2.o(.text)
    UART2_Handler                            0x2000087b   Thumb Code    74  uart2.o(.text)
    printf_byte                              0x2000094d   Thumb Code    96  common_uart.o(.text)
    printf_string                            0x200009ad   Thumb Code    28  common_uart.o(.text)
    print_hword                              0x200009c9   Thumb Code    20  common_uart.o(.text)
    print_word                               0x200009dd   Thumb Code    34  common_uart.o(.text)
    reverse                                  0x200009ff   Thumb Code    34  common_uart.o(.text)
    itoa                                     0x20000a21   Thumb Code    68  common_uart.o(.text)
    printf_byte_dec                          0x20000a65   Thumb Code     2  common_uart.o(.text)
    blinky_test                              0x20000a69   Thumb Code    80  main.o(.text)
    system_init                              0x20000ab9   Thumb Code    64  main.o(.text)
    main                                     0x20000af9   Thumb Code    12  main.o(.text)
    periph_init                              0x20000b65   Thumb Code   168  user_periph_setup.o(.text)
    __aeabi_idiv                             0x20000c11   Thumb Code     0  idiv.o(.text)
    __aeabi_idivmod                          0x20000c11   Thumb Code    40  idiv.o(.text)
    strlen                                   0x20000c39   Thumb Code    14  strlen.o(.text)
    __aeabi_uidiv                            0x20000c47   Thumb Code     0  uidiv.o(.text)
    __aeabi_uidivmod                         0x20000c47   Thumb Code    44  uidiv.o(.text)
    __scatterload                            0x20000c75   Thumb Code    28  init.o(.text)
    __scatterload_rt2                        0x20000c75   Thumb Code     0  init.o(.text)
    __scatterload_copy                       0x20000c99   Thumb Code    14  handlers.o(i.__scatterload_copy)
    __scatterload_null                       0x20000ca7   Thumb Code     2  handlers.o(i.__scatterload_null)
    __scatterload_zeroinit                   0x20000ca9   Thumb Code    14  handlers.o(i.__scatterload_zeroinit)
    Region$$Table$$Base                      0x20000cb8   Number         0  anon$$obj.o(Region$$Table)
    GPIOHandlerFunction                      0x20000cc8   Data          20  gpio.o(.bss)
    Region$$Table$$Limit                     0x20000cc8   Number         0  anon$$obj.o(Region$$Table)
    __initial_sp                             0x20009800   Data           0  boot_vectors.o(STACK)



==============================================================================

Memory Map of the image

  Image Entry point : 0x200000a1

  Load Region LR_IROM1 (Base: 0x20000000, Size: 0x00000cc8, Max: 0x00009800, ABSOLUTE)

    Execution Region ER_IROM1 (Base: 0x20000000, Size: 0x00000cc8, Max: 0x00008000, ABSOLUTE)

    Base Addr    Size         Type   Attr      Idx    E Section Name        Object

    0x20000000   0x000000a0   Data   RO            3    RESET               boot_vectors.o
    0x200000a0   0x00000000   Code   RO          241  * .ARM.Collect$$$$00000000  mc_p.l(entry.o)
    0x200000a0   0x00000004   Code   RO          248    .ARM.Collect$$$$00000001  mc_p.l(entry2.o)
    0x200000a4   0x00000004   Code   RO          251    .ARM.Collect$$$$00000004  mc_p.l(entry5.o)
    0x200000a8   0x00000000   Code   RO          253    .ARM.Collect$$$$00000008  mc_p.l(entry7b.o)
    0x200000a8   0x00000000   Code   RO          255    .ARM.Collect$$$$0000000A  mc_p.l(entry8b.o)
    0x200000a8   0x00000008   Code   RO          256    .ARM.Collect$$$$0000000B  mc_p.l(entry9a.o)
    0x200000b0   0x00000000   Code   RO          258    .ARM.Collect$$$$0000000D  mc_p.l(entry10a.o)
    0x200000b0   0x00000000   Code   RO          260    .ARM.Collect$$$$0000000F  mc_p.l(entry11a.o)
    0x200000b0   0x00000004   Code   RO          249    .ARM.Collect$$$$00002712  mc_p.l(entry2.o)
    0x200000b4   0x0000001c   Code   RO            4    .text               boot_vectors.o
    0x200000d0   0x0000005c   Code   RO           12    .text               system_armcm0.o
    0x2000012c   0x00000004   Code   RO           59    .text               per_ex_hard_fault.o
    0x20000130   0x000004b8   Code   RO           70    .text               gpio.o
    0x200005e8   0x00000364   Code   RO          124    .text               uart2.o
    0x2000094c   0x0000011a   Code   RO          164    .text               common_uart.o
    0x20000a66   0x00000002   PAD
    0x20000a68   0x000000fc   Code   RO          196    .text               main.o
    0x20000b64   0x000000ac   Code   RO          223    .text               user_periph_setup.o
    0x20000c10   0x00000028   Code   RO          244    .text               mc_p.l(idiv.o)
    0x20000c38   0x0000000e   Code   RO          246    .text               mc_p.l(strlen.o)
    0x20000c46   0x0000002c   Code   RO          262    .text               mc_p.l(uidiv.o)
    0x20000c72   0x00000002   PAD
    0x20000c74   0x00000024   Code   RO          264    .text               mc_p.l(init.o)
    0x20000c98   0x0000000e   Code   RO          268    i.__scatterload_copy  mc_p.l(handlers.o)
    0x20000ca6   0x00000002   Code   RO          269    i.__scatterload_null  mc_p.l(handlers.o)
    0x20000ca8   0x0000000e   Code   RO          270    i.__scatterload_zeroinit  mc_p.l(handlers.o)
    0x20000cb6   0x00000002   PAD
    0x20000cb8   0x00000010   Data   RO          266    Region$$Table       anon$$obj.o


    Execution Region ER_IROM2 (Base: 0x20000cc8, Size: 0x00000030, Max: 0xffffffff, ABSOLUTE)

    Base Addr    Size         Type   Attr      Idx    E Section Name        Object

    0x20000cc8   0x00000014   Zero   RW           71    .bss                gpio.o
    0x20000cdc   0x0000001c   Zero   RW          125    retention_mem_area0  uart2.o


    Execution Region RW_IRAM1 (Base: 0x20009600, Size: 0x00000200, Max: 0x00000200, ABSOLUTE, UNINIT)

    Base Addr    Size         Type   Attr      Idx    E Section Name        Object

    0x20009600   0x00000200   Zero   RW            1    STACK               boot_vectors.o


==============================================================================

Image component sizes


      Code (inc. data)   RO Data    RW Data    ZI Data      Debug   Object Name

        28          8        160          0        512        712   boot_vectors.o
       282          0          0          0          0       1812   common_uart.o
      1208         32          0          0         20      13556   gpio.o
       252         96          0          0          0        791   main.o
         4          0          0          0          0        508   per_ex_hard_fault.o
        92         10          0          0          0     100545   system_armcm0.o
       868         22          0          0         28      25246   uart2.o
       172          4          0          0          0        542   user_periph_setup.o

    ----------------------------------------------------------------------
      2908        172        176          0        560     143712   Object Totals
         0          0         16          0          0          0   (incl. Generated)
         2          0          0          0          0          0   (incl. Padding)

    ----------------------------------------------------------------------

      Code (inc. data)   RO Data    RW Data    ZI Data      Debug   Library Member Name

         0          0          0          0          0          0   entry.o
         0          0          0          0          0          0   entry10a.o
         0          0          0          0          0          0   entry11a.o
         8          4          0          0          0          0   entry2.o
         4          0          0          0          0          0   entry5.o
         0          0          0          0          0          0   entry7b.o
         0          0          0          0          0          0   entry8b.o
         8          4          0          0          0          0   entry9a.o
        30          0          0          0          0          0   handlers.o
        40          0          0          0          0         72   idiv.o
        36          8          0          0          0         68   init.o
        14          0          0          0          0         60   strlen.o
        44          0          0          0          0         72   uidiv.o

    ----------------------------------------------------------------------
       188         16          0          0          0        272   Library Totals
         4          0          0          0          0          0   (incl. Padding)

    ----------------------------------------------------------------------

      Code (inc. data)   RO Data    RW Data    ZI Data      Debug   Library Name

       184         16          0          0          0        272   mc_p.l

    ----------------------------------------------------------------------
       188         16          0          0          0        272   Library Totals

    ----------------------------------------------------------------------

==============================================================================


      Code (inc. data)   RO Data    RW Data    ZI Data      Debug   

      3096        188        176          0        560     143828   Grand Totals
      3096        188        176          0        560     143828   ELF Image Totals
      3096        188        176          0          0          0   ROM Totals

==============================================================================

    Total RO  Size (Code + RO Data)                 3272 (   3.20kB)
    Total RW  Size (RW Data + ZI Data)               560 (   0.55kB)
    Total ROM Size (Code + RO Data + RW Data)       3272 (   3.20kB)

==============================================================================

